   Compiling serde_core v1.0.229
   Compiling serde_json v1.0.151
   Compiling memchr v2.8.3
   Compiling syn v3.0.6
   Compiling thiserror-impl v2.0.21
   Compiling serde_derive v1.0.229
   Compiling indexmap v2.14.2
   Compiling thiserror v2.0.21
   Compiling serde v1.0.229
   Compiling huncho-core v0.1.0 (/home/grafuls/Sources/huncho/crates/huncho-core)
    Finished `release` profile [optimized] target(s) in 12.03s
     Running tests/calibration_allocations.rs (target/release/deps/calibration_allocations-16f7466a13884b83)

running 1 test
test owned_calibration_makes_no_heap_calls_and_borrowed_calibration_uses_one_fp32_buffer ... candidates=2: historical alloc/realloc calls=2, requested_bytes=24; borrowed calls=1, requested_bytes=8; owned calls=0, requested_bytes=0
candidates=3: historical alloc/realloc calls=2, requested_bytes=36; borrowed calls=1, requested_bytes=12; owned calls=0, requested_bytes=0
candidates=10: historical alloc/realloc calls=2, requested_bytes=120; borrowed calls=1, requested_bytes=40; owned calls=0, requested_bytes=0
candidates=255: historical alloc/realloc calls=2, requested_bytes=3060; borrowed calls=1, requested_bytes=1020; owned calls=0, requested_bytes=0
candidates=4096: historical alloc/realloc calls=2, requested_bytes=49152; borrowed calls=1, requested_bytes=16384; owned calls=0, requested_bytes=0
ok

test result: ok. 1 passed; 0 failed; 0 ignored; 0 measured; 0 filtered out; finished in 0.00s

