   Compiling huncho-core v0.1.0 (/home/grafuls/Sources/huncho/crates/huncho-core)
   Compiling huncho-backend v0.1.0 (/home/grafuls/Sources/huncho/crates/huncho-backend)
   Compiling huncho-api v0.1.0 (/home/grafuls/Sources/huncho/crates/huncho-api)
    Finished `test` profile [unoptimized + debuginfo] target(s) in 6.53s
     Running unittests src/lib.rs (target/debug/deps/huncho_api-a8f5aa87822f690d)

running 5 tests
test auth::tests::correct_token_passes ... ok
test auth::tests::extensions_header ... ok
test auth::tests::no_token_always_passes ... ok
test auth::tests::wrong_token_fails ... ok
test coalesce::tests::bounds_cleanup_and_unfinished_owner_release ... ok

test result: ok. 5 passed; 0 failed; 0 ignored; 0 measured; 0 filtered out; finished in 0.00s

     Running tests/api.rs (target/debug/deps/api-59b75eebe929a256)

running 28 tests
test abandoning_all_shared_queued_callers_releases_capacity_without_inference ... ok
test canceled_blocking_preparation_retains_admission_and_submits_no_forward ... ok
test canceled_cold_load_keeps_its_reservation_and_one_shared_factory ... ok
test canceling_the_original_caller_does_not_cancel_a_shared_result ... ok
test choice_returns_summing_distribution ... ok
test coalesced_failures_keep_the_error_contract_and_are_retried ... ok
test cold_waiters_are_bounded_and_failed_or_substituted_factories_are_not_retried ... ok
test cross_request_batches_preserve_distinct_answers_extensions_and_auth ... ok
test cross_request_cancellation_retains_running_capacity_and_discards_queued_work ... ok
test exact_result_cache_preserves_extensions_auth_and_physical_metrics ... ok
test extensions_returned_only_when_requested ... ok
test health_reports_ok_and_model_count ... ok
test inflight_sharing_preserves_auth_extensions_admission_and_exact_answers ... ok
test lazy_http_auth_validation_and_idle_batch_workers_preserve_residency_limits ... ok
test lazy_residency_bounds_slots_and_never_unloads_external_contexts ... ok
test list_models_reports_registered_model ... ok
test metrics_exposes_prometheus_registry ... ok
test missing_auth_token_returns_401 ... ok
test mixed_length_http_collation_keeps_wire_usage_and_counts_padding ... ok
test noul_and_score_questions_serve ... ok
test preparation_overlaps_execution_and_bounds_ready_requests ... ok
test prepared_prompt_hits_keep_physical_metrics_and_authentication ... ok
test queued_request_cancellation_releases_admission_without_running_inference ... ok
test rejects_media_instead_of_silently_discarding_it ... ok
test replica_jobs_overlap_without_releasing_running_capacity_on_http_cancellation ... ok
test slow_inference_keeps_health_registry_and_overload_responsive_after_cancellation ... ok
test unknown_model_returns_422 ... ok
test unsupported_replica_construction_does_not_replace_any_registered_model ... ok

test result: ok. 28 passed; 0 failed; 0 ignored; 0 measured; 0 filtered out; finished in 0.19s

     Running tests/cooperative.rs (target/debug/deps/cooperative-415ba11c452149dc)

running 7 tests
test all_coalesced_callers_cancel_and_release_partial_work_after_current_chunk ... ok
test cancellation_retains_current_kernel_permits_then_releases_partial_prefix ... ok
test coalesced_follower_keeps_resumable_job_alive_after_leader_cancels ... ok
test cooperative_group_coalescing_cancellation_and_failures_release_every_parent ... ok
test cooperative_question_groups_keep_fairness_physical_metrics_and_parent_ownership ... ok
test queued_cancellation_submits_no_prefix_work_and_failed_chunk_releases_all_handles ... ok
test short_requests_run_before_long_prefills_finish_and_keep_admission_bounded ... ok

test result: ok. 7 passed; 0 failed; 0 ignored; 0 measured; 0 filtered out; finished in 0.05s

     Running tests/qualification.rs (target/debug/deps/qualification-03f55a65f46f5b50)

running 6 tests
test every_actual_replica_needs_its_own_fresh_complete_suite ... ok
test matching_live_qualification_serves_and_changed_options_refuse ... ok
test native_lazy_factory_cannot_bypass_live_qualification ... ok
test public_server_rejects_unqualified_eager_models_before_opening_listener ... ok
test revocation_during_forward_prevents_publishing_the_response ... ok
test unqualified_native_context_is_refused_before_forward_and_exact_result_reuse ... ok

test result: ok. 6 passed; 0 failed; 0 ignored; 0 measured; 0 filtered out; finished in 0.02s

   Doc-tests huncho_api

running 0 tests

test result: ok. 0 passed; 0 failed; 0 ignored; 0 measured; 0 filtered out; finished in 0.00s

