   Compiling huncho-backend v0.1.0 (/home/grafuls/Sources/huncho/crates/huncho-backend)
warning: variable does not need to be mutable
   --> crates/huncho-backend/tests/paged_attention.rs:192:9
    |
192 |     let mut backend = load(16, false, false);
    |         ----^^^^^^^
    |         |
    |         help: remove this `mut`
    |
    = note: `#[warn(unused_mut)]` (part of `#[warn(unused)]`) on by default

warning: `huncho-backend` (test "paged_attention") generated 1 warning (run `cargo fix --test "paged_attention" -p huncho-backend` to apply 1 suggestion)
    Finished `test` profile [unoptimized + debuginfo] target(s) in 12.73s
     Running unittests src/lib.rs (target/debug/deps/huncho_backend-b505fc9011b96a7f)

running 51 tests
test candle::tests::config_parses_flat_rope_theta ... ok
test candle::tests::config_parses_rope_parameters_object ... ok
test candle::tests::cpu_replica_reuses_the_loaded_modernbert_storage ... ok
test candle::tests::extraction_matches_manual_slice ... ok
test candle::tests::remap_drops_non_encoder ... ok
test candle::tests::remap_encoder_to_model ... ok
test candle::tests::remap_keeps_model_prefix ... ok
test candle::tests::selected_final_layer_keeps_all_keys_and_values_in_multihead_attention ... ok
test clef::tests::cpu_replicas_share_backbone_head_and_tokenizer_and_freeze_backbone_profiles ... ok
test conv_cpu::tests::convolution_cpu_timing ... ignored, CPU convolution microbenchmark; no released-model speed claim
test conv_cpu::tests::convolution_matches_original_tap_order_across_dtypes_short_sequences_and_strides ... ok
test cpu_profile::tests::identity_tracks_compiled_kernels_instead_of_host_detection ... ok
test delta_cpu::tests::buffered_recurrence_matches_tensor_order_and_preserves_initial_storage ... ok
test delta_cpu::tests::recurrence_cpu_timing ... ignored, CPU recurrence microbenchmark; no released-model speed claim
test device::device_tests::auto_falls_back_when_cuda_initialization_or_kernels_fail ... ok
test device::device_tests::auto_returns_successful_device ... ok
test device::device_tests::cpu_never_initializes_cuda ... ok
test device::device_tests::explicit_cuda_keeps_ordinal_and_never_falls_back ... ok
test device::device_tests::invalid_devices_fail_before_initialization ... ok
test device::device_tests::newly_ported_paths_require_explicit_cuda_and_never_hide_failure ... ok
test gate_cpu::tests::fusion_preserves_typed_rounding_and_strided_views ... ok
test gate_cpu::tests::gate_cpu_timing ... ignored, CPU gate microbenchmark; excludes projections and released models
test gate_cpu::tests::unsupported_shapes_and_dtypes_fail_without_broadcasting ... ok
test kev::tests::rejects_head_backbone_dimension_mismatch ... ok
test kev::tests::rejects_invalid_calibration_and_unsupported_encoding ... ok
test mock::tests::deterministic_output ... ok
test mock::tests::fork_is_isolated ... ok
test qwen3_5::attention::tests::blocks_preserve_full_causal_key_reductions_and_absolute_prefix_masks ... ok
test qwen3_5::attention::tests::grouped_queries_preserve_head_mapping_and_full_key_reductions ... ok
test qwen3_5::kv_pages::tests::direct_page_attention_preserves_causal_head_mapping_and_full_softmax ... ok
test qwen3_5::kv_pages::tests::page_order_and_copy_on_write_tails_preserve_exact_storage_values ... ok
test qwen3_5::kv_pages::tests::shared_prefix_suffix_rows_preserve_causality_head_mapping_and_row_isolation ... ok
test qwen3_5::quantized::tests::conversion_checks_only_visible_finite_cpu_fp32_values ... ok
test qwen3_5::quantized::tests::direct_packed_construction_keeps_projection_rows_out_of_the_dense_map_and_matches_the_previous_loader ... ok
test qwen3_5::quantized::tests::loaded_projection_modules_release_dense_weights_and_retain_only_packed_blocks ... ok
test qwen3_5::runtime_lora::tests::runtime_lora_keeps_base_and_applies_two_biased_base_plus_low_rank_rows ... ok
test qwen3_5::runtime_lora::tests::runtime_lora_rejects_nonstandard_incomplete_and_malformed_semantics ... ok
test qwen3_5::tests::attention_input_reuse_is_offset_aware_and_bounded ... ok
test qwen3_5::tests::backend_returns_logits_shape ... ok
test qwen3_5::tests::convolution_cache_tail_retains_only_its_visible_elements_on_cpu ... ok
test qwen3_5::tests::cpu_replicas_share_loaded_weights_but_never_copy_active_or_retained_state ... ok
test qwen3_5::tests::direct_paged_cached_execution_never_materializes_complete_kv ... ok
test qwen3_5::tests::failed_native_branch_inference_releases_every_temporary_handle ... ok
test qwen3_5::tests::forward_is_causal ... ok
test qwen3_5::tests::forward_produces_finite_hidden ... ok
test qwen3_5::tests::lo_merge_changes_weights ... ok
test qwen3_5::tests::native_direct_page_groups_share_prefix_kv_and_preserve_original_readouts ... ok
test qwen3_5::tests::pointer_loading_filters_unused_vocabulary_weights_before_materialization ... ok
test qwen3_5::tests::projection_chunks_preserve_order_bias_dtype_and_partial_rows ... ok
test qwen3_5::tests::query_profile_removes_quadratic_setup_and_invalidates_old_masks ... ok
test qwen3_5::tests::trace_kev_prefix_precision ... ignored, requires explicit pinned model/suite paths and qualification hardware

test result: ok. 47 passed; 0 failed; 4 ignored; 0 measured; 0 filtered out; finished in 11.64s

     Running tests/candidate_readout.rs (target/debug/deps/candidate_readout-c461cd7c1baf7038)

running 2 tests
test buffered_cpu_kernels_preserve_f3_candidate_projection_probabilities ... ok
test candidate_only_projection_preserves_probabilities_at_existing_temperatures ... ok

test result: ok. 2 passed; 0 failed; 0 ignored; 0 measured; 0 filtered out; finished in 7.01s

     Running tests/candle_integration.rs (target/debug/deps/candle_integration-6fb033f69945aa7c)

running 6 tests
test forward_empty_positions_returns_empty_features ... ok
test forward_is_deterministic ... ok
test forward_rejects_sequence_over_max_context ... ok
test forward_returns_features_at_positions ... ok
test loads_and_reports_capabilities ... ok
test refuses_to_claim_a_precision_it_does_not_execute ... ok

test result: ok. 6 passed; 0 failed; 0 ignored; 0 measured; 0 filtered out; finished in 0.01s

     Running tests/chunked_prefill.rs (target/debug/deps/chunked_prefill-4ee7f1d787403124)

running 3 tests
test chunked_cpu_prefill_preserves_original_probabilities_and_accounts_for_actual_calls ... ok
test engine_qualification_requires_actual_chunking_and_keeps_original_goldens_and_usage ... ok
test resumable_native_prefixes_interleave_without_changing_chunk_arithmetic ... ok

test result: ok. 3 passed; 0 failed; 0 ignored; 0 measured; 0 filtered out; finished in 1.69s

     Running tests/clef_batch.rs (target/debug/deps/clef_batch-a0e9675daab3a277)

running 3 tests
test native_complete_schemas_keep_original_joint_head_lengths_and_physical_rectangles ... ok
test native_schema_validation_fails_before_any_forward_and_oversized_singletons_stay_intact ... ok
test opaque_whole_request_collation_preserves_wire_cache_ownership_and_fresh_fixed_gates ... ok

test result: ok. 3 passed; 0 failed; 0 ignored; 0 measured; 0 filtered out; finished in 31.03s

     Running tests/clef_reference.rs (target/debug/deps/clef_reference-7910b7e69f93c07a)

running 6 tests
test buffered_clef_cpu_kernels_match_independent_joint_logits ... ok
test grouped_clef_pooling_preserves_mixed_cardinalities_and_span_boundaries_on_cpu ... ok
test native_clef_matches_reference_tokens_spans_and_logits ... ok
test native_clef_rejects_unsupported_contracts_and_cpu_bf16 ... ok
test native_tokenizer_never_truncates_or_pads_prompt_fragments ... ok
test vectorized_clef_head_preserves_probabilities_and_original_option_order_on_cpu ... ok

test result: ok. 6 passed; 0 failed; 0 ignored; 0 measured; 0 filtered out; finished in 114.04s

     Running tests/conformance.rs (target/debug/deps/conformance-c6fd5e3b03e4c990)

running 5 tests
test argmax_gate_and_outcome_metrics_follow_candidate_order_on_ties ... ok
test labeled_suite_reports_outcome_calibration_without_changing_fidelity ... ok
test malformed_or_incomplete_golden_suites_cannot_pass ... ok
test mock_deterministic_across_runs ... ok
test mock_reproduces_golden_suite ... ok

test result: ok. 5 passed; 0 failed; 0 ignored; 0 measured; 0 filtered out; finished in 0.01s

     Running tests/cooperative_batches.rs (target/debug/deps/cooperative_batches-3b4022224f35dff1)

running 3 tests
test large_qualification_cohorts_leave_live_room_for_actual_native_groups ... ok
test live_partial_parents_shrink_native_groups_without_leaks_or_probability_drift ... ok
test native_equal_and_padded_cooperative_groups_keep_frozen_probabilities_and_fresh_gates ... ok

test result: ok. 3 passed; 0 failed; 0 ignored; 0 measured; 0 filtered out; finished in 7.01s

     Running tests/cpu_blas.rs (target/debug/deps/cpu_blas-01ad9b564b963f41)

running 0 tests

test result: ok. 0 passed; 0 failed; 0 ignored; 0 measured; 0 filtered out; finished in 0.00s

     Running tests/fork_batch.rs (target/debug/deps/fork_batch-38143f7e46e02aa0)

running 3 tests
test cached_batches_reject_invalid_partial_foreign_and_exhausted_parents ... ok
test cached_native_batches_preserve_typed_goldens_rows_pages_and_adapters ... ok
test engine_branch_batches_preserve_original_goldens_usage_budgets_and_nonvacuous_gates ... FAILED

failures:

---- engine_branch_batches_preserve_original_goldens_usage_budgets_and_nonvacuous_gates stdout ----

thread 'engine_branch_batches_preserve_original_goldens_usage_budgets_and_nonvacuous_gates' (595860) panicked at crates/huncho-backend/tests/fork_batch.rs:407:13:
assertion failed: engine.eval_uncached_with_stats(request, &invalid, &mut stats).is_err()
note: run with `RUST_BACKTRACE=1` environment variable to display a backtrace


failures:
    engine_branch_batches_preserve_original_goldens_usage_budgets_and_nonvacuous_gates

test result: FAILED. 2 passed; 1 failed; 0 ignored; 0 measured; 0 filtered out; finished in 10.41s

error: test failed, to rerun pass `-p huncho-backend --test fork_batch`
