   Compiling huncho-backend v0.1.0 (/home/grafuls/Sources/huncho/crates/huncho-backend)
    Finished `test` profile [unoptimized + debuginfo] target(s) in 18.19s
     Running unittests src/lib.rs (target/debug/deps/huncho_backend-9bff8479749b3402)

running 51 tests
test candle::tests::config_parses_flat_rope_theta ... ok
test candle::tests::config_parses_rope_parameters_object ... ok
test candle::tests::cpu_replica_reuses_the_loaded_modernbert_storage ... ok
test candle::tests::extraction_matches_manual_slice ... ok
test candle::tests::remap_drops_non_encoder ... ok
test candle::tests::remap_encoder_to_model ... ok
test candle::tests::remap_keeps_model_prefix ... ok
test candle::tests::selected_final_layer_keeps_all_keys_and_values_in_multihead_attention ... ok
test clef::tests::cpu_replicas_share_backbone_head_and_tokenizer_and_freeze_backbone_profiles ... ok
test conv_cpu::tests::convolution_cpu_timing ... ignored, CPU convolution microbenchmark; no released-model speed claim
test conv_cpu::tests::convolution_matches_original_tap_order_across_dtypes_short_sequences_and_strides ... ok
test cpu_profile::tests::identity_tracks_compiled_kernels_instead_of_host_detection ... ok
test delta_cpu::tests::buffered_recurrence_matches_tensor_order_and_preserves_initial_storage ... ok
test delta_cpu::tests::recurrence_cpu_timing ... ignored, CPU recurrence microbenchmark; no released-model speed claim
test device::device_tests::auto_falls_back_when_cuda_initialization_or_kernels_fail ... ok
test device::device_tests::auto_returns_successful_device ... ok
test device::device_tests::cpu_never_initializes_cuda ... ok
test device::device_tests::explicit_cuda_keeps_ordinal_and_never_falls_back ... ok
test device::device_tests::invalid_devices_fail_before_initialization ... ok
test device::device_tests::newly_ported_paths_require_explicit_cuda_and_never_hide_failure ... ok
test gate_cpu::tests::fusion_preserves_typed_rounding_and_strided_views ... ok
test gate_cpu::tests::gate_cpu_timing ... ignored, CPU gate microbenchmark; excludes projections and released models
test gate_cpu::tests::unsupported_shapes_and_dtypes_fail_without_broadcasting ... ok
test kev::tests::rejects_head_backbone_dimension_mismatch ... ok
test kev::tests::rejects_invalid_calibration_and_unsupported_encoding ... ok
test mock::tests::deterministic_output ... ok
test mock::tests::fork_is_isolated ... ok
test onnx::device_io::tests::actual_cpu_io_uses_original_addresses_for_changed_data_and_keeps_owned_copies ... ok
test onnx::device_io::tests::slots_and_bytes_are_bounded_and_failures_poison_without_eviction_or_reallocation ... [1;31m2026-10-08 22:04:14.518746855 [E:onnxruntime:, sequential_executor.cc:671 ExecuteKernel] Non-zero status code returned while running Gather node. Name:'embed_lookup' Status Message: indices element out of data bounds, idx=9223372036854775807 must be within the inclusive range [-16,15][m
ok
test onnx::output_binding_tests::actual_native_output_uses_the_retained_allocation_and_preserves_owned_answers ... ok
test onnx::output_binding_tests::retained_binding_clears_request_inputs_after_success_and_output_validation_failure ... [1;31m2026-10-08 22:04:14.522333162 [E:onnxruntime:, sequential_executor.cc:671 ExecuteKernel] Non-zero status code returned while running Gather node. Name:'embed_lookup' Status Message: /home/runner/work/ort-artifacts/ort-artifacts/onnxruntime/include/onnxruntime/core/framework/op_kernel_context.h:42 const T *onnxruntime::OpKernelContext::Input(int) const [T = onnxruntime::Tensor] Missing Input: input_ids
[m
[1;31m2026-10-08 22:04:14.524924610 [E:onnxruntime:, sequential_executor.cc:671 ExecuteKernel] Non-zero status code returned while running Cast node. Name:'' Status Message: /home/runner/work/ort-artifacts/ort-artifacts/onnxruntime/include/onnxruntime/core/framework/op_kernel_context.h:42 const T *onnxruntime::OpKernelContext::Input(int) const [T = onnxruntime::Tensor] Missing Input: qtype
[m
ok
test onnx_shared::tests::external_ranges_reject_traversal_duplicates_overflow_and_mixed_storage ... ok
test onnx_shared::tests::shared_snapshot_rejects_ambiguous_names_dimensions_and_nested_graphs ... ok
test onnx_shared::tests::typed_values_preserve_raw_bits_and_reject_unsupported_or_malformed_data ... ok
test qwen3_5::attention::tests::blocks_preserve_full_causal_key_reductions_and_absolute_prefix_masks ... ok
test qwen3_5::attention::tests::grouped_queries_preserve_head_mapping_and_full_key_reductions ... ok
test qwen3_5::kv_pages::tests::page_order_and_copy_on_write_tails_preserve_exact_storage_values ... ok
test qwen3_5::runtime_lora::tests::runtime_lora_keeps_base_and_applies_two_biased_base_plus_low_rank_rows ... ok
test qwen3_5::runtime_lora::tests::runtime_lora_rejects_nonstandard_incomplete_and_malformed_semantics ... ok
test qwen3_5::tests::attention_input_reuse_is_offset_aware_and_bounded ... ok
test qwen3_5::tests::backend_returns_logits_shape ... ok
test qwen3_5::tests::convolution_cache_tail_retains_only_its_visible_elements_on_cpu ... ok
test qwen3_5::tests::cpu_replicas_share_loaded_weights_but_never_copy_active_or_retained_state ... ok
test qwen3_5::tests::failed_native_branch_inference_releases_every_temporary_handle ... ok
test qwen3_5::tests::forward_is_causal ... ok
test qwen3_5::tests::forward_produces_finite_hidden ... ok
test qwen3_5::tests::lo_merge_changes_weights ... ok
test qwen3_5::tests::pointer_loading_filters_unused_vocabulary_weights_before_materialization ... ok
test qwen3_5::tests::projection_chunks_preserve_order_bias_dtype_and_partial_rows ... ok
test qwen3_5::tests::query_profile_removes_quadratic_setup_and_invalidates_old_masks ... ok
test qwen3_5::tests::trace_kev_prefix_precision ... ignored, requires explicit pinned model/suite paths and qualification hardware

test result: ok. 47 passed; 0 failed; 4 ignored; 0 measured; 0 filtered out; finished in 1.42s

     Running tests/candidate_readout.rs (target/debug/deps/candidate_readout-939ea1f7e80bc15d)

running 2 tests
test buffered_cpu_kernels_preserve_f3_candidate_projection_probabilities ... ok
test candidate_only_projection_preserves_probabilities_at_existing_temperatures ... ok

test result: ok. 2 passed; 0 failed; 0 ignored; 0 measured; 0 filtered out; finished in 11.04s

     Running tests/candle_integration.rs (target/debug/deps/candle_integration-b2004b10b2b4ff65)

running 6 tests
test forward_empty_positions_returns_empty_features ... ok
test forward_is_deterministic ... ok
test forward_rejects_sequence_over_max_context ... ok
test forward_returns_features_at_positions ... ok
test loads_and_reports_capabilities ... ok
test refuses_to_claim_a_precision_it_does_not_execute ... ok

test result: ok. 6 passed; 0 failed; 0 ignored; 0 measured; 0 filtered out; finished in 0.04s

     Running tests/chunked_prefill.rs (target/debug/deps/chunked_prefill-1369eba86af07ac4)

running 3 tests
test chunked_cpu_prefill_preserves_original_probabilities_and_accounts_for_actual_calls ... ok
test engine_qualification_requires_actual_chunking_and_keeps_original_goldens_and_usage ... ok
test resumable_native_prefixes_interleave_without_changing_chunk_arithmetic ... ok

test result: ok. 3 passed; 0 failed; 0 ignored; 0 measured; 0 filtered out; finished in 6.05s

     Running tests/clef_batch.rs (target/debug/deps/clef_batch-f4b66bf151881086)

running 3 tests
test native_complete_schemas_keep_original_joint_head_lengths_and_physical_rectangles ... ok
test native_schema_validation_fails_before_any_forward_and_oversized_singletons_stay_intact ... ok
test opaque_whole_request_collation_preserves_wire_cache_ownership_and_fresh_fixed_gates ... ok

test result: ok. 3 passed; 0 failed; 0 ignored; 0 measured; 0 filtered out; finished in 26.12s

     Running tests/clef_reference.rs (target/debug/deps/clef_reference-c023ed31103b31eb)

running 6 tests
test buffered_clef_cpu_kernels_match_independent_joint_logits ... ok
test grouped_clef_pooling_preserves_mixed_cardinalities_and_span_boundaries_on_cpu ... ok
test native_clef_matches_reference_tokens_spans_and_logits ... ok
test native_clef_rejects_unsupported_contracts_and_cpu_bf16 ... ok
test native_tokenizer_never_truncates_or_pads_prompt_fragments ... ok
test vectorized_clef_head_preserves_probabilities_and_original_option_order_on_cpu ... ok

test result: ok. 6 passed; 0 failed; 0 ignored; 0 measured; 0 filtered out; finished in 99.74s

     Running tests/conformance.rs (target/debug/deps/conformance-0bd628e454e9417b)

running 5 tests
test argmax_gate_and_outcome_metrics_follow_candidate_order_on_ties ... ok
test labeled_suite_reports_outcome_calibration_without_changing_fidelity ... ok
test malformed_or_incomplete_golden_suites_cannot_pass ... ok
test mock_deterministic_across_runs ... ok
test mock_reproduces_golden_suite ... ok

test result: ok. 5 passed; 0 failed; 0 ignored; 0 measured; 0 filtered out; finished in 0.01s

     Running tests/cpu_blas.rs (target/debug/deps/cpu_blas-8ccf77e76c2fbca2)

running 0 tests

test result: ok. 0 passed; 0 failed; 0 ignored; 0 measured; 0 filtered out; finished in 0.00s

     Running tests/fork_batch.rs (target/debug/deps/fork_batch-a77d87c233c0da28)

running 3 tests
test cached_batches_reject_invalid_partial_foreign_and_exhausted_parents ... ok
test cached_native_batches_preserve_typed_goldens_rows_pages_and_adapters ... ok
test engine_branch_batches_preserve_original_goldens_usage_budgets_and_nonvacuous_gates ... ok

test result: ok. 3 passed; 0 failed; 0 ignored; 0 measured; 0 filtered out; finished in 28.48s

     Running tests/kev_reference.rs (target/debug/deps/kev_reference-268d5b2dafc02ac1)

running 1 test
test kev_candle_matches_upstream_probabilities ... ok

test result: ok. 1 passed; 0 failed; 0 ignored; 0 measured; 0 filtered out; finished in 0.27s

     Running tests/kv_pages.rs (target/debug/deps/kv_pages-47546e43a691a1b7)

running 2 tests
test native_pages_forks_and_chunks_match_flat_storage_and_frozen_typed_goldens ... ok
test pages_are_bounded_transactional_and_compose_with_retention_and_partial_prefills ... ok

test result: ok. 2 passed; 0 failed; 0 ignored; 0 measured; 0 filtered out; finished in 132.05s

     Running tests/laya_padded.rs (target/debug/deps/laya_padded-316ab015a69d5b3c)

running 2 tests
test engine_uses_real_masked_rectangles_and_keeps_complete_typed_calibration_gates ... ok
test masked_cpu_batches_preserve_bare_and_typed_heads_lengths_order_and_replicas ... ok

test result: ok. 2 passed; 0 failed; 0 ignored; 0 measured; 0 filtered out; finished in 3.91s

     Running tests/laya_selected.rs (target/debug/deps/laya_selected-c4c25608ee7ff605)

running 2 tests
test bare_encoders_refuse_selected_trained_head ... ok
test selected_head_preserves_types_order_repetition_native_batches_and_replicas ... ok

test result: ok. 2 passed; 0 failed; 0 ignored; 0 measured; 0 filtered out; finished in 2.25s

     Running tests/llamacpp.rs (target/debug/deps/llamacpp-8d78a9041a27a2e3)

running 0 tests

test result: ok. 0 passed; 0 failed; 0 ignored; 0 measured; 0 filtered out; finished in 0.00s

     Running tests/native_batch.rs (target/debug/deps/native_batch-a570d32e8e685550)

running 5 tests
test buffered_cpu_kernels_preserve_kev_reference_batches_and_prefixes ... ok
test execution_profiles_preserve_fixture_readouts_and_cache_semantics ... ok
test kev_cpu_cross_request_collation_qualifies_unchanged_upstream_vectors ... ok
test modernbert_batches_preserve_rows_and_candidate_positions ... ok
test qwen_pointer_batches_preserve_probabilities_and_reject_cache_branches ... ok

test result: ok. 5 passed; 0 failed; 0 ignored; 0 measured; 0 filtered out; finished in 11.11s

     Running tests/onnx_conformance.rs (target/debug/deps/onnx_conformance-c792a190c5ae8e26)

running 4 tests
test actual_shared_cpu_contexts_pass_unchanged_probability_goldens_concurrently ... ok
test graph_side_readout_and_bound_buffer_pass_unchanged_probability_goldens ... ok
test native_onnx_batches_qualify_per_request_and_cross_request_work ... ok
test onnx_backend_passes_reference_golden ... ok

test result: ok. 4 passed; 0 failed; 0 ignored; 0 measured; 0 filtered out; finished in 0.04s

     Running tests/onnx_head_batch.rs (target/debug/deps/onnx_head_batch-ed6901f677c4ee3f)

running 3 tests
test native_head_batches_reject_wrong_abis_invalid_types_counts_and_nonfinite_scores ... ok
test native_head_engine_qualifies_frozen_typed_requests_and_cross_request_padding ... ok
test native_raw_scores_keep_types_markers_mask_lengths_and_owned_outputs ... ok

test result: ok. 3 passed; 0 failed; 0 ignored; 0 measured; 0 filtered out; finished in 0.07s

     Running tests/onnx_integrated.rs (target/debug/deps/onnx_integrated-983f20376e553545)

running 4 tests
test actual_native_typed_calibration_passes_fixed_synthetic_vectors_and_rejects_drift ... ok
test integrated_contract_rejects_unsupported_profiles_bad_graphs_and_inputs_without_gpu_probes ... ok
test integrated_shared_replicas_keep_raw_scores_and_independent_buffers_after_primary_drop ... ok
test raw_typed_graph_scores_match_independent_native_frozen_reference_and_reuse_owned_outputs ... ok

test result: ok. 4 passed; 0 failed; 0 ignored; 0 measured; 0 filtered out; finished in 0.07s

     Running tests/onnx_integration.rs (target/debug/deps/onnx_integration-0ebd8e94416202b6)

running 12 tests
test compact_graph_and_bound_output_reuse_preserve_exact_rows ... ok
test disabled_or_oversized_binding_retains_no_output_storage ... ok
test forward_returns_hidden_states_at_positions ... ok
test forward_slices_subset_of_positions ... ok
test loads_and_reports_capabilities ... ok
test native_dynamic_batches_preserve_isolated_rows_and_validate_contract ... ok
test prefill_with_no_positions_returns_empty ... ok
test provider_and_thread_configuration_validate_without_gpu_probes ... ok
test rejects_invalid_positions_and_retains_graph_width_semantics ... ok
test rejects_sequence_over_max_context ... ok
test selected_rows_preserve_repeated_positions_and_exact_float_bits ... ok
test stable_device_profiles_refuse_incompatible_options_before_loading_any_runtime ... ok

test result: ok. 12 passed; 0 failed; 0 ignored; 0 measured; 0 filtered out; finished in 0.05s

     Running tests/onnx_padded.rs (target/debug/deps/onnx_padded-388f3d934254abbf)

running 3 tests
test actual_masked_rectangles_match_independent_scores_and_preserve_owned_repeated_readouts ... ok
test masked_native_shared_contexts_are_concurrently_independent ... ok
test whole_engine_native_padding_counts_actual_work_and_passes_fixed_synthetic_labeled_gates ... ok

test result: ok. 3 passed; 0 failed; 0 ignored; 0 measured; 0 filtered out; finished in 0.03s

     Running tests/onnx_replicas.rs (target/debug/deps/onnx_replicas-94cea4c24c64b7e1)

running 2 tests
test actual_cpu_sessions_preserve_rows_after_source_mutation_and_primary_drop ... ok
test shared_loading_rejects_gpu_selection_before_runtime_initialization ... ok

test result: ok. 2 passed; 0 failed; 0 ignored; 0 measured; 0 filtered out; finished in 0.03s

     Running tests/padded_batch.rs (target/debug/deps/padded_batch-7365f0c14c920649)

running 3 tests
test engine_padded_qualification_preserves_frozen_probabilities_and_counts_real_rectangles ... ok
test native_cpu_candidate_padding_preserves_selected_columns_and_positions ... ok
test native_cpu_pointer_padding_preserves_final_valid_decisions_and_isolation ... ok

test result: ok. 3 passed; 0 failed; 0 ignored; 0 measured; 0 filtered out; finished in 0.88s

     Running tests/prefix_cache.rs (target/debug/deps/prefix_cache-0afdcd3ec3a8683c)

running 4 tests
test cache_handles_are_owned_bounded_and_transactional ... ok
test engine_fanout_preserves_wire_usage_and_releases_on_later_errors ... ok
test native_forks_chunks_and_short_prefixes_preserve_probabilities ... ok
test persistent_prefixes_are_exact_bounded_and_isolate_active_handles_on_cpu ... ok

test result: ok. 4 passed; 0 failed; 0 ignored; 0 measured; 0 filtered out; finished in 21.31s

     Running tests/quantized_kev.rs (target/debug/deps/quantized_kev-7a6b1ad8f5f2dfba)

running 0 tests

test result: ok. 0 passed; 0 failed; 0 ignored; 0 measured; 0 filtered out; finished in 0.00s

     Running tests/query_attention.rs (target/debug/deps/query_attention-91e24a2f0f4b2d76)

running 4 tests
test grouped_gqa_profile_cannot_change_shared_or_partial_prefix_arithmetic ... ok
test query_blocks_preserve_complete_joint_schema_heads_and_usage ... ok
test query_blocks_preserve_frozen_pointer_probabilities_prefixes_and_padded_batches ... ok
test query_blocks_preserve_selected_candidate_logits ... ok

test result: ok. 4 passed; 0 failed; 0 ignored; 0 measured; 0 filtered out; finished in 56.91s

     Running tests/replicas.rs (target/debug/deps/replicas-dea25b9bf9dd4653)

running 2 tests
test cpu_clef_replicas_preserve_whole_request_joint_logits_concurrently ... ok
test cpu_modernbert_and_native_kev_replicas_preserve_independent_float_bits_concurrently ... ok

test result: ok. 2 passed; 0 failed; 0 ignored; 0 measured; 0 filtered out; finished in 10.15s

     Running tests/runtime_lora.rs (target/debug/deps/runtime_lora-6de5c85374b7e034)

running 3 tests
test f3_runtime_adapters_preserve_raw_vocabulary_and_selected_candidate_batch_scores ... ok
test runtime_adapters_preserve_frozen_typed_scores_batches_forks_and_owned_outputs ... ok
test separate_live_adapters_keep_weights_and_prefixes_isolated_and_reject_other_precision ... ok

test result: ok. 3 passed; 0 failed; 0 ignored; 0 measured; 0 filtered out; finished in 4.27s

     Running tests/shared_base.rs (target/debug/deps/shared_base-db5a6997c34d3485)

running 0 tests

test result: ok. 0 passed; 0 failed; 0 ignored; 0 measured; 0 filtered out; finished in 0.00s

     Running tests/vllm_cpu.rs (target/debug/deps/vllm_cpu-0e1afecd31dd7d89)

running 0 tests

test result: ok. 0 passed; 0 failed; 0 ignored; 0 measured; 0 filtered out; finished in 0.00s

   Doc-tests huncho_backend

running 0 tests

test result: ok. 0 passed; 0 failed; 0 ignored; 0 measured; 0 filtered out; finished in 0.00s

