   Compiling proc-macro2 v1.0.107
   Compiling quote v1.0.47
   Compiling unicode-ident v1.0.26
   Compiling libc v0.2.189
   Compiling cfg-if v1.0.5
   Compiling once_cell v1.21.4
   Compiling memchr v2.8.3
   Compiling serde_core v1.0.229
   Compiling find-msvc-tools v0.1.14
   Compiling shlex v2.0.1
   Compiling itoa v1.0.18
   Compiling smallvec v1.16.2
   Compiling pkg-config v0.3.34
   Compiling crossbeam-utils v0.8.23
   Compiling pin-project-lite v0.2.17
   Compiling bitflags v2.13.2
   Compiling log v0.4.34
   Compiling libm v0.2.16
   Compiling autocfg v1.5.1
   Compiling serde v1.0.229
   Compiling stable_deref_trait v1.2.1
   Compiling equivalent v1.0.2
   Compiling hashbrown v0.17.1
   Compiling zerocopy v0.8.59
   Compiling version_check v0.9.5
   Compiling either v1.18.0
   Compiling num-traits v0.2.19
   Compiling tracing-core v0.1.36
   Compiling bytes v1.12.1
   Compiling futures-core v0.3.34
   Compiling zmij v1.0.23
   Compiling regex-syntax v0.8.11
   Compiling getrandom v0.3.4
   Compiling crossbeam-epoch v0.9.21
   Compiling serde_json v1.0.151
   Compiling getrandom v0.4.3
   Compiling futures-sink v0.3.34
   Compiling rustversion v1.0.23
   Compiling crossbeam-deque v0.8.8
   Compiling rand_core v0.10.1
   Compiling syn v3.0.6
   Compiling syn v2.0.119
   Compiling strsim v0.11.1
   Compiling rayon-core v1.13.0
   Compiling ident_case v1.0.1
   Compiling aho-corasick v1.1.5
   Compiling slab v0.4.12
   Compiling fs_extra v1.3.0
   Compiling jobserver v0.1.35
   Compiling errno v0.3.14
   Compiling indexmap v2.14.2
   Compiling socket2 v0.6.5
   Compiling signal-hook-registry v1.4.8
   Compiling mio v1.2.3
   Compiling cc v1.5.1
   Compiling dunce v1.0.5
   Compiling http v1.5.0
   Compiling rand_core v0.9.5
   Compiling futures-channel v0.3.34
   Compiling paste v1.0.15
   Compiling futures-io v0.3.34
   Compiling ryu v1.0.23
   Compiling thiserror v2.0.21
   Compiling regex-automata v0.4.18
   Compiling litemap v0.8.3
   Compiling futures-task v0.3.34
   Compiling rayon v1.12.0
   Compiling writeable v0.6.4
   Compiling http-body v1.1.0
   Compiling cmake v0.1.58
   Compiling icu_normalizer_data v2.3.0
   Compiling zeroize v1.9.0
   Compiling percent-encoding v2.3.2
   Compiling utf8_iter v1.0.4
   Compiling icu_properties_data v2.3.0
   Compiling aws-lc-rs v1.18.1
   Compiling fnv v1.0.7
   Compiling tower-service v0.3.3
   Compiling httparse v1.10.1
   Compiling subtle v2.6.1
   Compiling rustls-pki-types v1.15.1
   Compiling pulp v0.22.3
   Compiling aws-lc-sys v0.45.0
   Compiling lazy_static v1.5.0
   Compiling synstructure v0.14.0
   Compiling atomic-waker v1.1.2
   Compiling try-lock v0.2.5
   Compiling want v0.3.1
   Compiling darling_core v0.20.11
   Compiling form_urlencoded v1.2.2
   Compiling sync_wrapper v1.0.2
   Compiling raw-cpuid v11.6.0
   Compiling scopeguard v1.2.0
   Compiling reborrow v0.5.5
   Compiling pulp-wasm-simd-flag v0.1.1
   Compiling dyn-stack-macros v0.1.3
   Compiling tower-layer v0.3.3
   Compiling untrusted v0.9.0
   Compiling httpdate v1.0.3
   Compiling rustix v1.1.5
   Compiling typenum v1.20.1
   Compiling rustls v0.23.45
   Compiling itertools v0.14.0
   Compiling zerocopy-derive v0.8.59
   Compiling tracing-attributes v0.1.31
   Compiling mime v0.3.17
   Compiling seq-macro v0.3.6
   Compiling base64 v0.23.1
   Compiling crc32fast v1.5.2
   Compiling static_assertions v1.1.0
   Compiling zerofrom-derive v0.1.8
   Compiling serde_derive v1.0.229
   Compiling yoke-derive v0.8.3
   Compiling bytemuck_derive v1.12.1
   Compiling tracing v0.1.44
   Compiling zerovec-derive v0.11.6
   Compiling displaydoc v0.2.7
   Compiling zerofrom v0.1.8
   Compiling tokio-macros v2.7.2
   Compiling futures-macro v0.3.34
   Compiling yoke v0.8.3
   Compiling thiserror-impl v2.0.21
   Compiling regex v1.13.1
   Compiling bytemuck v1.25.2
   Compiling zerotrie v0.2.5
   Compiling darling_macro v0.20.11
   Compiling tokio v1.53.1
   Compiling num-complex v0.4.6
   Compiling zerovec v0.11.8
   Compiling futures-util v0.3.34
   Compiling dyn-stack v0.13.2
   Compiling ipnet v2.12.2
   Compiling linux-raw-sys v0.12.1
   Compiling darling v0.20.11
   Compiling onig_sys v69.9.3
   Compiling http-body-util v0.1.5
   Compiling tinystr v0.8.4
   Compiling potential_utf v0.1.6
   Compiling icu_locale_core v2.3.0
   Compiling cpufeatures v0.3.1
   Compiling icu_collections v2.3.0
   Compiling fastrand v2.5.0
   Compiling unicase v2.9.0
   Compiling mime_guess v2.0.5
   Compiling serde_urlencoded v0.7.1
   Compiling derive_builder_core v0.20.2
   Compiling esaxx-rs v0.1.10
   Compiling uuid v1.26.1
   Compiling encoding_rs v0.8.42
   Compiling minimal-lexical v0.2.1
   Compiling ppv-lite86 v0.2.21
   Compiling openssl-probe v0.2.1
   Compiling nom v7.1.3
   Compiling derive_builder_macro v0.20.2
   Compiling rustls-native-certs v0.8.4
   Compiling rand_chacha v0.9.0
   Compiling rand v0.9.5
   Compiling tempfile v3.27.0
   Compiling icu_provider v2.3.1
   Compiling monostate-impl v0.1.18
   Compiling macro_rules_attribute-proc_macro v0.2.3
   Compiling icu_normalizer v2.3.0
   Compiling icu_properties v2.3.0
   Compiling core_detect v1.0.0
   Compiling base64 v0.13.1
   Compiling pastey v0.2.3
   Compiling option-ext v0.2.0
   Compiling rand_distr v0.5.1
   Compiling multiversion_no_op v1.0.0
   Compiling simdutf8 v0.1.5
   Compiling anyhow v1.0.104
   Compiling unicode-segmentation v1.13.3
   Compiling macro_rules_attribute v0.2.3
   Compiling futures-executor v0.3.34
   Compiling half v2.7.1
   Compiling dirs-sys v0.5.0
   Compiling monostate v0.1.18
   Compiling idna_adapter v1.2.2
   Compiling derive_builder v0.20.2
   Compiling tracing-serde v0.2.0
   Compiling idna v1.1.0
   Compiling chacha20 v0.10.2
   Compiling bstr v1.13.1
   Compiling spm_precompiled v0.1.4
   Compiling matchers v0.2.0
   Compiling sharded-slab v0.1.7
   Compiling gemm-common v0.19.0
   Compiling url v2.5.8
   Compiling tracing-log v0.2.0
   Compiling ahash v0.8.12
   Compiling unicode-normalization-alignments v0.1.12
   Compiling thread_local v1.1.10
   Compiling time-core v0.1.9
   Compiling deranged v0.5.8
   Compiling nu-ansi-term v0.50.3
   Compiling powerfmt v0.2.0
   Compiling typewit v1.15.2
   Compiling unicode_categories v0.1.1
   Compiling num-conv v0.2.2
   Compiling gemm-f32 v0.19.0
   Compiling rand v0.10.3
   Compiling dirs v6.0.0
   Compiling futures v0.3.34
   Compiling tracing-subscriber v0.3.23
   Compiling hybrid-array v0.4.15
   Compiling time v0.3.55
   Compiling async-trait v0.1.92
   Compiling const_panic v0.2.17
   Compiling pin-project-internal v1.1.13
   Compiling git-version-macro v0.3.9
   Compiling blake3 v1.8.7
   Compiling castaway v0.2.4
   Compiling getrandom v0.2.17
   Compiling os_str_bytes v6.6.1
   Compiling crossbeam-channel v0.5.17
   Compiling linktime-proc-macro v0.2.3
   Compiling symlink v0.1.0
   Compiling konst_proc_macros v0.4.1
   Compiling link-section v0.19.3
   Compiling iana-time-zone v0.1.65
   Compiling portable-atomic v1.15.0
   Compiling thiserror v1.0.69
   Compiling foldhash v0.2.0
   Compiling allocator-api2 v0.2.21
   Compiling ctor v1.0.13
   Compiling konst v0.4.3
   Compiling tokio-util v0.7.19
   Compiling tower v0.5.3
   Compiling chrono v0.4.45
   Compiling pin-project v1.1.13
   Compiling rand_core v0.6.4
   Compiling hashbrown v0.16.1
   Compiling shellexpand v3.1.2
   Compiling compact_str v0.9.1
   Compiling git-version v0.3.9
   Compiling tower-http v0.6.11
   Compiling h2 v0.4.19
   Compiling tracing-appender v0.2.5
   Compiling gemm-f16 v0.19.0
   Compiling gemm-f64 v0.19.0
   Compiling gemm-c64 v0.19.0
   Compiling gemm-c32 v0.19.0
   Compiling dary_heap v0.3.9
   Compiling rayon-cond v0.4.0
   Compiling thiserror-impl v1.0.69
   Compiling whoami v2.1.3
   Compiling sysinfo v0.38.4
   Compiling colored v3.1.1
   Compiling more-asserts v0.3.1
   Compiling unicode-width v0.2.2
   Compiling const-str v1.1.0
   Compiling constant_time_eq v0.4.2
   Compiling oneshot v0.1.13
   Compiling typed-path v0.12.3
   Compiling arrayvec v0.7.8
   Compiling twox-hash v2.1.4
   Compiling humantime v2.4.0
   Compiling redb v3.1.3
   Compiling lz4_flex v0.13.1
   Compiling console v0.15.11
   Compiling gemm v0.19.0
   Compiling safetensors v0.8.0
   Compiling rand_chacha v0.3.1
   Compiling crypto-common v0.2.2
   Compiling block-buffer v0.12.1
   Compiling float8 v0.7.0
   Compiling darling_core v0.24.1
   Compiling countio v0.3.0
   Compiling approx v0.5.1
   Compiling num_cpus v1.17.0
   Compiling memmap2 v0.9.11
   Compiling itertools v0.11.0
   Compiling generic-array v0.14.7
   Compiling safe-transmute v0.11.3
   Compiling byteorder v1.5.0
   Compiling number_prefix v0.4.0
   Compiling onig v6.5.3
   Compiling bit-vec v0.8.0
   Compiling const-oid v0.10.2
   Compiling prettyplease v0.3.0
   Compiling base64 v0.22.1
   Compiling heapify v0.2.0
   Compiling bit-set v0.8.0
   Compiling digest v0.11.3
   Compiling indicatif v0.17.11
   Compiling statrs v0.18.0
   Compiling rand v0.8.8
   Compiling zip v8.6.0
   Compiling tokenizers v0.22.2
   Compiling hyper v1.11.1
   Compiling rayon-cond v0.3.0
   Compiling tokio-retry v0.3.2
   Compiling serde_repr v0.1.21
   Compiling itertools v0.12.1
   Compiling urlencoding v2.1.3
   Compiling parking_lot_core v0.9.12
   Compiling sha2 v0.11.0
   Compiling fancy-regex v0.18.0
   Compiling serde_plain v1.0.2
   Compiling darling_macro v0.24.1
   Compiling gearhash v0.1.4
   Compiling darling v0.24.1
   Compiling protobuf v2.28.0
   Compiling utf8parse v0.2.2
   Compiling anstyle-parse v1.0.0
   Compiling lock_api v0.4.14
   Compiling anstyle-query v1.1.5
   Compiling hyper-util v0.1.21
   Compiling anstyle v1.0.14
   Compiling bon-macros v3.10.1
   Compiling tokenizers v0.20.4
   Compiling colorchoice v1.0.5
   Compiling is_terminal_polyfill v1.70.2
   Compiling prometheus v0.13.4
   Compiling anstream v1.0.0
   Compiling parking_lot v0.12.5
   Compiling crypto-common v0.1.7
   Compiling block-buffer v0.10.4
   Compiling globset v0.4.20
   Compiling axum-core v0.5.6
   Compiling serde_path_to_error v0.1.20
   Compiling matchit v0.8.4
   Compiling heck v0.5.0
   Compiling clap_lex v1.1.1
   Compiling pathdiff v0.2.3
   Compiling clap_builder v4.6.7
   Compiling clap_derive v4.6.7
   Compiling digest v0.10.7
   Compiling axum v0.8.9
   Compiling cpufeatures v0.2.17
   Compiling candle-core v0.11.0
   Compiling bon v3.10.1
   Compiling huncho-core v0.1.0 (/var/tmp/huncho-cpu-roadmap-20261008/source/crates/huncho-core)
   Compiling sha2 v0.10.9
   Compiling clap v4.6.7
   Compiling candle-nn v0.11.0
   Compiling candle-transformers v0.11.0
   Compiling rustls-webpki v0.103.15
   Compiling huncho-backend v0.1.0 (/var/tmp/huncho-cpu-roadmap-20261008/source/crates/huncho-backend)
   Compiling huncho-api v0.1.0 (/var/tmp/huncho-cpu-roadmap-20261008/source/crates/huncho-api)
   Compiling tokio-rustls v0.26.5
   Compiling rustls-platform-verifier v0.7.1
   Compiling hyper-rustls v0.27.10
   Compiling reqwest v0.13.5
   Compiling xet-runtime v1.6.0
   Compiling reqwest-middleware v0.5.2
   Compiling xet-core-structures v1.6.0
   Compiling xet-client v1.6.0
   Compiling xet-data v1.6.0
   Compiling hf-xet v1.6.0
   Compiling hf-hub v1.0.0
   Compiling huncho-hub v0.1.0 (/var/tmp/huncho-cpu-roadmap-20261008/source/crates/huncho-hub)
   Compiling huncho-cli v0.1.0 (/var/tmp/huncho-cpu-roadmap-20261008/source/crates/huncho-cli)
    Finished `release` profile [optimized] target(s) in 2m 36s
