   Compiling huncho-core v0.1.0 (/home/grafuls/Sources/huncho/crates/huncho-core)
   Compiling huncho-backend v0.1.0 (/home/grafuls/Sources/huncho/crates/huncho-backend)
   Compiling huncho-api v0.1.0 (/home/grafuls/Sources/huncho/crates/huncho-api)
   Compiling huncho-cli v0.1.0 (/home/grafuls/Sources/huncho/crates/huncho-cli)
    Finished `test` profile [unoptimized + debuginfo] target(s) in 5.75s
     Running tests/onnx_head_batch.rs (target/debug/deps/onnx_head_batch-0a1adf3d9be4ecc3)

running 2 tests
test cli_native_heads_bind_identity_and_actual_padding_and_refuse_missing_labels ... ok
test shared_cpu_raw_head_sessions_report_isolated_native_work ... ok

test result: ok. 2 passed; 0 failed; 0 ignored; 0 measured; 0 filtered out; finished in 2.90s

     Running tests/onnx_integrated.rs (target/debug/deps/onnx_integrated-ef6eaef7199ca42c)

running 2 tests
test device_buffer_and_graph_flags_refuse_cpu_and_invalid_profiles_without_accessing_gpu ... ok
test native_raw_head_process_binds_identity_and_requires_exact_labeled_serving ... ok

test result: ok. 2 passed; 0 failed; 0 ignored; 0 measured; 0 filtered out; finished in 0.20s

     Running tests/onnx_padded.rs (target/debug/deps/onnx_padded-b2c16f371f9130d7)

running 1 test
test masked_onnx_processes_bind_real_rectangles_replicas_and_labeled_startup ... ok

test result: ok. 1 passed; 0 failed; 0 ignored; 0 measured; 0 filtered out; finished in 0.16s

     Running tests/onnx_shared.rs (target/debug/deps/onnx_shared-02b05c49edac9b10)

running 1 test
test cpu_onnx_replica_bench_records_each_actual_context_and_requires_labeled_serving ... ok

test result: ok. 1 passed; 0 failed; 0 ignored; 0 measured; 0 filtered out; finished in 0.14s

